// Jest Snapshot v1, https://goo.gl/fbAQLP

exports[`conrec basic test auto select levels 1`] = `
Array [
  839.6939653486645,
  1880.3060346513357,
  839.4964607464607,
  1880,
  840,
  1880.697601854328,
  839.6939653486645,
  1880.3060346513357,
  840.5295033157395,
  1880,
  840.3157788539144,
  1880.3157788539145,
  840.3157788539144,
  1880.3157788539145,
  840,
  1880.697601854328,
  839.6766862927384,
  1879.6766862927382,
  840,
  1879.178477690289,
  839.4964607464607,
  1880,
  839.6766862927384,
  1879.6766862927382,
  840.3376920421198,
  1879.66230795788,
  840.5295033157395,
  1880,
  840,
  1879.178477690289,
  840.3376920421198,
  1879.66230795788,
]
`;
