// Jest Snapshot v1, https://goo.gl/fbAQLP

exports[`conrec basic test auto select levels 1`] = `
[
  167.3376920421198,
  182.66230795788022,
  167,
  182.4704966842604,
  167.82152230971127,
  183,
  167.3376920421198,
  182.66230795788022,
  167,
  183.50353925353926,
  167.32331370726166,
  183.32331370726166,
  167.32331370726166,
  183.32331370726166,
  167.82152230971127,
  183,
  166.68422114608558,
  182.68422114608558,
  166.30239814567176,
  183,
  167,
  182.4704966842604,
  166.68422114608558,
  182.68422114608558,
  166.69396534866442,
  183.3060346513356,
  167,
  183.50353925353926,
  166.30239814567176,
  183,
  166.69396534866442,
  183.3060346513356,
]
`;

exports[`conrec basic test auto select levels with swapAxes 1`] = `
[
  182.66230795788022,
  167.3376920421198,
  182.4704966842604,
  167,
  183,
  167.82152230971127,
  182.66230795788022,
  167.3376920421198,
  183.50353925353926,
  167,
  183.32331370726166,
  167.32331370726166,
  183.32331370726166,
  167.32331370726166,
  183,
  167.82152230971127,
  182.68422114608558,
  166.68422114608558,
  183,
  166.30239814567176,
  182.4704966842604,
  167,
  182.68422114608558,
  166.68422114608558,
  183.3060346513356,
  166.69396534866442,
  183.50353925353926,
  167,
  183,
  166.30239814567176,
  183.3060346513356,
  166.69396534866442,
]
`;
